// Jest Snapshot v1, https://goo.gl/fbAQLP

exports[`should test da page 1`] = `
<div
  aria-label="top"
  class="top"
  style="background-image: url(./fish-top.jpg); height: 150px; width: 150px; background-size: cover; background-repeat: no-repeat;"
/>
`;
